Analyzing school_system...

  error - lib\features\teacher\presentation\views\widgets\exams_list_body.dart:121:25 - The named parameter 'examId' isn't defined. Try correcting the name to an existing named parameter's name, or defining a named parameter with the name 'examId'. - undefined_named_parameter
   info - lib\core\widgets\profile\profile_view_body.dart:84:35 - Don't use 'BuildContext's across async gaps. Try rewriting the code to not use the 'BuildContext', or guard the use with a 'mounted' check. - use_build_context_synchronously
   info - lib\core\widgets\profile\profile_view_body.dart:101:31 - Don't use 'BuildContext's across async gaps. Try rewriting the code to not use the 'BuildContext', or guard the use with a 'mounted' check. - use_build_context_synchronously
   info - lib\features\student\presentation\views\widgets\student_scan_qr_view_body.dart:55:32 - Don't use 'BuildContext's across async gaps. Try rewriting the code to not use the 'BuildContext', or guard the use with a 'mounted' check. - use_build_context_synchronously
   info - lib\features\student\presentation\views\widgets\student_scan_qr_view_body.dart:64:32 - Don't use 'BuildContext's across async gaps. Try rewriting the code to not use the 'BuildContext', or guard the use with a 'mounted' check. - use_build_context_synchronously
   info - lib\features\student\presentation\views\widgets\student_scan_qr_view_body.dart:73:9 - Don't use 'BuildContext's across async gaps. Try rewriting the code to not use the 'BuildContext', or guard the use with a 'mounted' check. - use_build_context_synchronously
   info - lib\features\teacher\data\repos\attendance_repo.dart:22:11 - Use the null-aware marker '?' rather than a null check via an 'if'. Try using '?'. - use_null_aware_elements
   info - lib\features\teacher\presentation\views\attendance_method_view.dart:24:3 - Constructors in '@immutable' classes should be declared as 'const'. Try adding 'const' to the constructor declaration. - prefer_const_constructors_in_immutables
   info - lib\features\teacher\presentation\views\generate_qr_code_view.dart:11:3 - Constructors in '@immutable' classes should be declared as 'const'. Try adding 'const' to the constructor declaration. - prefer_const_constructors_in_immutables
   info - lib\features\teacher\presentation\views\manual_attendance_view.dart:27:3 - Constructors in '@immutable' classes should be declared as 'const'. Try adding 'const' to the constructor declaration. - prefer_const_constructors_in_immutables
   info - lib\features\teacher\presentation\views\widgets\attendance_lesson_selector.dart:51:37 - Unnecessary use of multiple underscores. Try using '_'. - unnecessary_underscores
   info - lib\features\teacher\presentation\views\widgets\attendance_method_view_body.dart:189:41 - 'withOpacity' is deprecated and shouldn't be used. Use .withValues() to avoid precision loss. Try replacing the use of the deprecated member with the replacement. - deprecated_member_use
   info - lib\features\teacher\presentation\views\widgets\entry_code_view_body.dart:13:3 - Constructors in '@immutable' classes should be declared as 'const'. Try adding 'const' to the constructor declaration. - prefer_const_constructors_in_immutables
   info - lib\features\teacher\presentation\views\widgets\generate_qr_code_view_body.dart:13:3 - Constructors in '@immutable' classes should be declared as 'const'. Try adding 'const' to the constructor declaration. - prefer_const_constructors_in_immutables
   info - lib\features\teacher\presentation\views\widgets\manual_attendance_view_body.dart:33:3 - Constructors in '@immutable' classes should be declared as 'const'. Try adding 'const' to the constructor declaration. - prefer_const_constructors_in_immutables
   info - lib\features\teacher\presentation\views\widgets\profile_avatar_section.dart:3:8 - The import of 'package:flutter/foundation.dart' is unnecessary because all of the used elements are also provided by the import of 'package:flutter/material.dart'. Try removing the import directive. - unnecessary_import
   info - lib\features\teacher\presentation\views\widgets\settings_switch_tile.dart:47:13 - 'activeColor' is deprecated and shouldn't be used. Use activeTrackColor instead. This feature was deprecated after v3.24.0-0.2.pre. Try replacing the use of the deprecated member with the replacement. - deprecated_member_use
   info - lib\features\teacher\presentation\views\widgets\settings_view_body.dart:65:17 - Don't use 'BuildContext's across async gaps. Try rewriting the code to not use the 'BuildContext', or guard the use with a 'mounted' check. - use_build_context_synchronously
   info - lib\features\teacher\presentation\views\widgets\settings_view_body.dart:65:17 - Don't use 'BuildContext's across async gaps. Try rewriting the code to not use the 'BuildContext', or guard the use with a 'mounted' check. - use_build_context_synchronously
   info - lib\features\teacher\presentation\views\widgets\todays_classes_section.dart:73:43 - Unnecessary use of multiple underscores. Try using '_'. - unnecessary_underscores
   info - lib\features\teacher\presentation\views\widgets\todays_classes_section.dart:118:41 - Unnecessary use of multiple underscores. Try using '_'. - unnecessary_underscores
   info - lib\features\teacher\presentation\views\widgets\todays_classes_section.dart:161:19 - Unnecessary use of string interpolation. Try replacing the string literal with the variable name. - unnecessary_string_interpolations

22 issues found.
